<html><head></head><body><code class="language-json">
  <span class="token punctuation">{</span>
    <span class="token property">"name"</span><span class="token operator">:</span> <span class="token string">"metalsmith-prism"</span><span class="token punctuation">,</span>
    <span class="token property">"description"</span><span class="token operator">:</span> <span class="token string">"Provides syntax highlighting"</span>
  <span class="token punctuation">}</span>
</code>
</body></html>
