<html><head></head><body><pre class="language-javascript line-numbers"> <code class="language-javascript"> <span class="token keyword">var</span> name <span class="token operator">=</span> <span class="token string">"Rob"</span><span class="token punctuation">;</span> <span aria-hidden="true" class="line-numbers-rows"><span></span><span></span><span></span></span></code> </pre> </body></html>
