<html><head></head><body><code class="language-markup">
  <span class="token tag"><span class="token tag"><span class="token punctuation">&lt;</span>html</span><span class="token punctuation">&gt;</span></span>
</code>
</body></html>
