<html><head></head><body><pre class="language-javascript">
  <code class="language-javascript">
    <span class="token keyword">var</span> name <span class="token operator">=</span> <span class="token string">"Rob"</span><span class="token punctuation">;</span>
  </code>
</pre>
</body></html>
