<html><head></head><body><code class="language-ruby">
  mystring <span class="token operator">=</span> <span class="token symbol">:steveT</span><span class="token punctuation">;</span>
</code>
</body></html>
